[Tue Sep 22 14:11:48.729788 2026] [mpm_event:notice] [pid 1106:tid 1106] AH00489: Apache/2.4.68 (Debian) configured -- resuming normal operations
[Tue Sep 22 14:11:48.730106 2026] [core:notice] [pid 1106:tid 1106] AH00094: Command line: '/usr/sbin/apache2'
[Tue Sep 22 14:56:45.288692 2026] [mpm_event:notice] [pid 1106:tid 1106] AH00492: caught SIGWINCH, shutting down gracefully
[Wed Sep 23 07:56:41.017088 2026] [mpm_event:notice] [pid 174:tid 174] AH00489: Apache/2.4.68 (Debian) configured -- resuming normal operations
[Wed Sep 23 07:56:41.019892 2026] [core:notice] [pid 174:tid 174] AH00094: Command line: '/usr/sbin/apache2'
[Wed Sep 23 08:38:27.704182 2026] [mpm_event:notice] [pid 174:tid 174] AH00492: caught SIGWINCH, shutting down gracefully
[Wed Sep 23 08:38:31.968846 2026] [mpm_event:notice] [pid 172:tid 172] AH00489: Apache/2.4.68 (Debian) configured -- resuming normal operations
[Wed Sep 23 08:38:31.972666 2026] [core:notice] [pid 172:tid 172] AH00094: Command line: '/usr/sbin/apache2'
[Wed Sep 23 09:43:33.748986 2026] [mpm_event:notice] [pid 172:tid 172] AH00492: caught SIGWINCH, shutting down gracefully
[Wed Sep 23 09:45:12.478863 2026] [mpm_event:notice] [pid 173:tid 173] AH00489: Apache/2.4.68 (Debian) configured -- resuming normal operations
[Wed Sep 23 09:45:12.483276 2026] [core:notice] [pid 173:tid 173] AH00094: Command line: '/usr/sbin/apache2'
[Wed Sep 23 14:56:21.832916 2026] [mpm_event:notice] [pid 173:tid 173] AH00492: caught SIGWINCH, shutting down gracefully
[Thu Sep 24 07:54:34.266069 2026] [mpm_event:notice] [pid 173:tid 173] AH00489: Apache/2.4.68 (Debian) configured -- resuming normal operations
[Thu Sep 24 07:54:34.269001 2026] [core:notice] [pid 173:tid 173] AH00094: Command line: '/usr/sbin/apache2'
[Thu Sep 24 08:05:05.690314 2026] [mpm_event:notice] [pid 173:tid 173] AH00492: caught SIGWINCH, shutting down gracefully
[Thu Sep 24 08:07:21.275813 2026] [mpm_event:notice] [pid 178:tid 178] AH00489: Apache/2.4.68 (Debian) configured -- resuming normal operations
[Thu Sep 24 08:07:21.276267 2026] [core:notice] [pid 178:tid 178] AH00094: Command line: '/usr/sbin/apache2'
[Thu Sep 24 08:20:14.386695 2026] [mpm_event:notice] [pid 178:tid 178] AH00492: caught SIGWINCH, shutting down gracefully
[Thu Sep 24 08:20:49.363805 2026] [mpm_event:notice] [pid 178:tid 178] AH00489: Apache/2.4.68 (Debian) configured -- resuming normal operations
[Thu Sep 24 08:20:49.364069 2026] [core:notice] [pid 178:tid 178] AH00094: Command line: '/usr/sbin/apache2'
[Thu Sep 24 08:21:00.789576 2026] [mpm_event:notice] [pid 178:tid 178] AH00492: caught SIGWINCH, shutting down gracefully
[Thu Sep 24 08:22:03.789948 2026] [mpm_event:notice] [pid 178:tid 178] AH00489: Apache/2.4.68 (Debian) configured -- resuming normal operations
[Thu Sep 24 08:22:03.790246 2026] [core:notice] [pid 178:tid 178] AH00094: Command line: '/usr/sbin/apache2'
[Thu Sep 24 08:23:40.644284 2026] [mpm_event:notice] [pid 178:tid 178] AH00492: caught SIGWINCH, shutting down gracefully
[Thu Sep 24 08:24:13.982694 2026] [mpm_event:notice] [pid 178:tid 178] AH00489: Apache/2.4.68 (Debian) configured -- resuming normal operations
[Thu Sep 24 08:24:13.983043 2026] [core:notice] [pid 178:tid 178] AH00094: Command line: '/usr/sbin/apache2'
[Thu Sep 24 08:25:20.076759 2026] [mpm_event:notice] [pid 178:tid 178] AH00492: caught SIGWINCH, shutting down gracefully
[Thu Sep 24 08:28:40.625344 2026] [mpm_event:notice] [pid 178:tid 178] AH00489: Apache/2.4.68 (Debian) configured -- resuming normal operations
[Thu Sep 24 08:28:40.625756 2026] [core:notice] [pid 178:tid 178] AH00094: Command line: '/usr/sbin/apache2'
[Thu Sep 24 12:01:48.626759 2026] [mpm_event:notice] [pid 178:tid 178] AH00492: caught SIGWINCH, shutting down gracefully
